d/data/me.reality.engine/files/mods/QT/custom_notetypes/Hurt Note.lua
06-30 18:21:55.527  1147  1221 D AudioFlinger: mixer(0x7f41f4a01a30) throttle end: throttle time(1)
06-30 18:21:55.598  1147  1221 D AudioFlinger: mixer(0x7f41f4a01a30) throttle end: throttle time(2)
06-30 18:21:56.347  1147  1221 W AudioFlinger: write blocked for 404 msecs, 85 delayed writes, thread 13
06-30 18:21:57.011  2930  2966 E emuglGLESv2_enc: GraphicsError: A shader can not be compiled correctly...
06-30 18:21:57.018  2930  2966 E HXCPP   : Called from hxcpp::__hxcpp_main
06-30 18:21:57.018  2930  2966 E HXCPP   : Called from ApplicationMain::main ApplicationMain.hx line 26
06-30 18:21:57.018  2930  2966 E HXCPP   : Called from ApplicationMain::create ApplicationMain.hx line 137
06-30 18:21:57.018  2930  2966 E HXCPP   : Called from openfl.display.Application::exec openfl/display/Application.hx line 138
06-30 18:21:57.018  2930  2966 E HXCPP   : Called from lime.app.Application::exec lime/app/Application.hx line 169        
06-30 18:21:57.018  2930  2966 E HXCPP   : Called from lime._internal.backend.native.NativeApplication::exec lime/_internal/backend/native/NativeApplication.hx line 162
06-30 18:21:57.018  2930  2966 E HXCPP   : Called from lime._internal.backend.native.NativeApplication::handleRenderEvent 
lime/_internal/backend/native/NativeApplication.hx line 421
06-30 18:21:57.018  2930  2966 E HXCPP   : Called from lime.app._Event_lime_graphics_RenderContext_Void::dispatch lime/_internal/macros/EventMacro.hx line 91
06-30 18:21:57.018  2930  2966 E HXCPP   : Called from openfl.display.Stage::__onLimeRender openfl/display/Stage.hx line 2442
06-30 18:21:57.018  2930  2966 E HXCPP   : Called from openfl.display.Stage::__render openfl/display/Stage.hx line 2357   
06-30 18:21:57.018  2930  2966 E HXCPP   : Called from openfl.display.OpenGLRenderer::__render openfl/display/OpenGLRenderer.hx line 783
06-30 18:21:57.018  2930  2966 E HXCPP   : Called from openfl.display.OpenGLRenderer::__renderDrawable openfl/display/OpenGLRenderer.hx line 880
06-30 18:21:57.018  2930  2966 E HXCPP   : Called from openfl.display._internal.Context3DDisplayObjectContainer::renderDrawable openfl/display/_internal/Context3DDisplayObjectContainer.hx line 31
06-30 18:21:57.018  2930  2966 E HXCPP   : Called from openfl.display.OpenGLRenderer::__renderDrawable openfl/display/OpenGLRenderer.hx line 880
06-30 18:21:57.018  2930  2966 E HXCPP   : Called from openfl.display._internal.Context3DDisplayObjectContainer::renderDrawable openfl/display/_internal/Context3DDisplayObjectContainer.hx line 31
06-30 18:21:57.018  2930  2966 E HXCPP   : Called from openfl.display.OpenGLRenderer::__renderDrawable openfl/display/OpenGLRenderer.hx line 880
06-30 18:21:57.018  2930  2966 E HXCPP   : Called from openfl.display._internal.Context3DDisplayObjectContainer::renderDrawable openfl/display/_internal/Context3DDisplayObjectContainer.hx line 31
06-30 18:21:57.018  2930  2966 E HXCPP   : Called from openfl.display.OpenGLRenderer::__renderDrawable openfl/display/OpenGLRenderer.hx line 880
06-30 18:21:57.018  2930  2966 E HXCPP   : Called from openfl.display._internal.Context3DDisplayObjectContainer::renderDrawable openfl/display/_internal/Context3DDisplayObjectContainer.hx line 31
06-30 18:21:57.018  2930  2966 E HXCPP   : Called from openfl.display.OpenGLRenderer::__renderDrawable openfl/display/OpenGLRenderer.hx line 880
06-30 18:21:57.054  2930  2966 E HXCPP   : Called from openfl.display._internal.Context3DDisplayObjectContainer::renderDrawable openfl/display/_internal/Context3DDisplayObjectContainer.hx line 31
06-30 18:21:57.084  2930  2966 E HXCPP   : Called from openfl.display.OpenGLRenderer::__renderDrawable openfl/display/OpenGLRenderer.hx line 880
06-30 18:21:57.085  2930  2966 E HXCPP   : Called from openfl.display._internal.Context3DDisplayObjectContainer::renderDrawable openfl/display/_internal/Context3DDisplayObjectContainer.hx line 31
06-30 18:21:57.085  2930  2966 E HXCPP   : Called from openfl.display.OpenGLRenderer::__renderDrawable openfl/display/OpenGLRenderer.hx line 880
06-30 18:21:57.085  2930  2966 E HXCPP   : Called from openfl.display._internal.Context3DDisplayObjectContainer::renderDrawable openfl/display/_internal/Context3DDisplayObjectContainer.hx line 18
06-30 18:21:57.085  2930  2966 E HXCPP   : Called from openfl.display._internal.Context3DDisplayObject::renderDrawable openfl/display/_internal/Context3DDisplayObject.hx line 69
06-30 18:21:57.085  2930  2966 E HXCPP   : Called from openfl.display._internal.Context3DShape::render openfl/display/_internal/Context3DShape.hx line 39
06-30 18:21:57.085  2930  2966 E HXCPP   : Called from openfl.display._internal.Context3DGraphics::render openfl/display/_internal/Context3DGraphics.hx line 897
06-30 18:21:57.085  2930  2966 E HXCPP   : Called from openfl.display.OpenGLRenderer::__initShaderBuffer openfl/display/OpenGLRenderer.hx line 598
06-30 18:21:57.085  2930  2966 E HXCPP   : Called from openfl.display.OpenGLRenderer::__initGraphicsShader openfl/display/OpenGLRenderer.hx line 584
06-30 18:21:57.086  2930  2966 E HXCPP   : Called from openfl.display.Shader::__init openfl/display/Shader.hx line 462
06-30 18:21:57.086  2930  2966 E HXCPP   : Called from openfl.display.Shader::__initGL openfl/display/Shader.hx line 528
06-30 18:21:57.086  2930  2966 E HXCPP   : Called from openfl.display.Shader::__createGLProgram openfl/display/Shader.hx line 349
06-30 18:21:57.086  2930  2966 E HXCPP   : Called from openfl.display.Shader::__createGLShader openfl/display/Shader.hx line 337
06-30 18:21:57.086  2930  2966 E HXCPP   : Called from lime.utils.Log::error lime/utils/Log.hx line 37
06-30 18:21:57.086  2930  2966 E Exception: [openfl.display.Shader] ERROR: Error compiling fragment shader
06-30 18:21:57.086  2930  2966 E Exception: ERROR: 0:67: '=' : global variable initializers must be constant expressions  
06-30 18:21:57.086  2930  2966 E Exception: ERROR: 0:68: '=' : global variable initializers must be constant expressions  
06-30 18:21:57.086  2930  2966 E Exception:
06-30 18:21:57.086  2930  2966 E Exception: #ifdef GL_ES
06-30 18:21:57.086  2930  2966 E Exception: #ifdef GL_FRAGMENT_PRECISION_HIGH
06-30 18:21:57.086  2930  2966 E Exception: precision highp float;
06-30 18:21:57.086  2930  2966 E Exception: #else
06-30 18:21:57.086  2930  2966 E Exception: precision mediump float;
06-30 18:21:57.086  2930  2966 E Exception: #endif
06-30 18:21:57.086  2930  2966 E Exception: #endif
06-30 18:21:57.086  2930  2966 E Exception:
06-30 18:21:57.086  2930  2966 E Exception:
06-30 18:21:57.086  2930  2966 E Exception:             varying float openfl_Alphav;
06-30 18:21:57.086  2930  2966 E Exception:             varying vec4 openfl_ColorMultiplierv;
06-30 18:21:57.086  2930  2966 E Exception:             varying vec4 openfl_ColorOffsetv;
06-30 18:21:57.086  2930  2966 E Exception:             varying vec2 openfl_TextureCoordv;
06-30 18:21:57.086  2930  2966 E Exception:
06-30 18:21:57.086  2930  2966 E Exception:             uniform bool openfl_HasColorTransform;
06-30 18:21:57.086  2930  2966 E Exception:             uniform vec2 openfl_TextureSize;
06-30 18:21:57.086  2930  2966 E Exception:             uniform sampler2D bitmap;
06-30 18:21:57.086  2930  2966 E Exception:
06-30 18:21:57.086  2930  2966 E Exception:             uniform bool hasTransform;
06-30 18:21:57.086  2930  2966 E Exception:             uniform bool hasColorTransform;
06-30 18:21:57.086  2930  2966 E Exception:
06-30 18:21:57.086  2930  2966 E Exception:             vec4 applyFlixelEffects(vec4 color)
06-30 18:21:57.086  2930  2966 E Exception:             {
06-30 18:21:57.086  2930  2966 E Exception:                     if (!hasTransform)
06-30 18:21:57.086  2930  2966 E Exception:                     {
06-30 18:21:57.086  2930  2966 E Exception:                             return color;
06-30 18:21:57.086  2930  2966 E Exception:                     }
06-30 18:21:57.086  2930  2966 E Exception:
06-30 18:21:57.086  2930  2966 E Exception:                     if (color.a == 0.0)
06-30 18:21:57.086  2930  2966 E Exception:                     {
06-30 18:21:57.086  2930  2966 E Exception:                             return vec4(0.0, 0.0, 0.0, 0.0);
06-30 18:21:57.086  2930  2966 E Exception:                     }
06-30 18:21:57.086  2930  2966 E Exception:
06-30 18:21:57.086  2930  2966 E Exception:                     if (!hasColorTransform)
06-30 18:21:57.086  2930  2966 E Exception:                     {
06-30 18:21:57.086  2930  2966 E Exception:                             return color * openfl_Alphav;
06-30 18:21:57.086  2930  2966 E Exception:                     }
06-30 18:21:57.086  2930  2966 E Exception:
06-30 18:21:57.086  2930  2966 E Exception:                     color.rgb = color.rgb / color.a;
06-30 18:21:57.086  2930  2966 E Exception:                     color = clamp(openfl_ColorOffsetv + (color * openfl_ColorMultiplierv), 0.0, 1.0);
06-30 18:21:57.086  2930  2966 E Exception:
06-30 18:21:57.086  2930  2966 E Exception:                     if (color.a >
06-30 18:21:57.161  2930  2966 V SDL     : Finished main function
06-30 18:21:57.195  1280  2232 D RecentTaskMonitor: onTaskFocusChanged [FALSE] 118
06-30 18:21:57.195  1280  2232 D RecentTaskMonitor: onTaskFocusChanged [TRUE] 2 ignoreTFC false
06-30 18:21:57.201  1149  1461 D gralloc_x86: gralloc_alloc: Creating ashmem region of size 5763072
06-30 18:21:57.200  1280  1280 I Binder:1280_2: type=1400 audit(0.0:3604): avc: denied { read write } for name="vaddress" 
dev="tmpfs" ino=11441 scontext=u:r:system_server:s0 tcontext=u:object_r:device:s0 tclass=chr_file permissive=1
06-30 18:21:57.206  1280  1280 I Binder:1280_2: type=1400 audit(0.0:3605): avc: denied { open } for path="/dev/vaddress" dev="tmpfs" ino=11441 scontext=u:r:system_server:s0 tcontext=u:object_r:device:s0 tclass=chr_file permissive=1
06-30 18:21:57.206  1280  1280 I Binder:1280_2: type=1400 audit(0.0:3606): avc: denied { ioctl } for path="/dev/vaddress" 
dev="tmpfs" ino=11441 ioctlcmd=0x4c15 scontext=u:r:system_server:s0 tcontext=u:object_r:device:s0 tclass=chr_file permissive=1
06-30 18:21:57.206  1280  1280 I Binder:1280_2: type=1400 audit(0.0:3607): avc: denied { map } for path="/dev/vaddress" dev="tmpfs" ino=11441 scontext=u:r:system_server:s0 tcontext=u:object_r:device:s0 tclass=chr_file permissive=1
06-30 18:21:57.263  1280  1294 D system_server: Features: 0 0 0
06-30 18:21:57.263  1280  1294 E system_server: vulkan version is 4211000
06-30 18:21:57.274  1280  1301 D RecentTaskMonitor: task null or not sub display in notifyDisplayOpened
06-30 18:21:57.275  1280  1301 D RecentTaskMonitor: VAddressShellNotifier#notifyOpenTab :{"uri":"player\/tab","need_response":false,"params":{"id":"task:2","displayId":0,"userId":0,"name":"Lawnchair","originName":"Lawnchair","packageName":"app.lawnchair","launcher":true,"newTask":false,"icon":"iVBORw0KGgoAAAANSUhEUgAAABgAAAAYCAYAAADgdz34AAAAAXNSR0IArs4c6QAAAARzQklUCAgICHwIZIgAAARtSURBVEiJbZVLbBZVFMd\/586dKW3TFgrV8g5SisZUfGJIxBIMSHhIiI8dunCBC5W4QGVjcEMiKCsSXCiaGBcuNCQoiBofMagREXWBsVgNRQq0Flta+vWbxz0uZr6Z+bSTnJmbOeee5\/+cI71v6iojHAJWKIoqgKCqICCQ\/QPNCK2dBVDWzX2PLQsPs2LmNwxNzePTwcf4YGDH4OXJhTtk7Rt6VoWbUZVMD4pQO4tqyYDgcg6IOp7pfp5HFx9Cyi4ojEVtPP7dqYtWleW4lK+ZWO5mfhS0pLjG6G45w9bOwxCB5vGkUbfJKNsX7J9nNVGT\/pJCqQr\/01bOjYA6pbf9CEESQlK+XXxXzzwqVh1pQkQKjoColHzWnCekcuqUxcGvEBduSCENQIe5hMGBOtBEwZFSrJCkpImisUACmgAJuBhwyg9XVqERaYrCgggVIugf7caQkCtWB+oEccr2u+HlDdDs1XiS8Qv5k0PrGZ9sgShVWEchHBt4GIPWLgiSgCTgHMxvjuhdCi9tKJRK7auAGi5Wl7Ht82NUq0EadaxIDBrBycFVvH3+OeT+Ay7Pbq2CziUEWuGF9Ya1tzbyeZ+w9wTEiZaQpjiXEIdTLPTOsKb9KPe2f8tgZT4nrmzi9PV1qD8LWb3faa14qul1h+LiiCicYs9DPhvvaOKrPth7XJmoFs2XNqYjjkKSJMI5l2oyHp4N8Dwfi6sDYxaDQcTH94U9RyaJE2XLXU0Ygd3vl9EOohbrGYzx84YUMakhNRicQFZAyUgTQAURi+fN4LWPI071h6xeJuzeqHhZH3TNhl0PKk+tEQwWg0WwiHqIGjQBq64O7UU1ssQZE7BojqFnkaXqYjbdZmkOlPMjE2y706e5IeDDHyNwft0k0CxKixbKCkNKOHuE68vPMatzkoNdvcwIDDv\/OMqz7SvpXd7JeNXw9Ugfr\/z2J1d\/6aE5XoQYD1RSmGW9aTWpFVepLL7A5LLfqd44RNw2jhF4q3UzbYHlelxl1w33EVYq\/PzPALe3LyZstgwsGSDs\/otrU20Ewx009nXR1L80A4BiHTHh3MtcW3mKcO7lPIpW9Xm9dQMr\/U5UFd94nI9H2f\/3l\/wUDXHAbWTr7B6aGhrZOf4ZE\/4YlZYxKkvOMT7UQev39xBcWIB0nX1Hk1mjIKV5qbCv9QEeabwFEeHsxCBPnHuXK0EEDT54gk5FHOzYzNY5PXxS6efJ0Y\/Sq1LU1Iy2YJO2YWpQzaugyujkGGfiAV699AWno0tUm8EEFmw6fB0eu4ePE2tEZMAkISrFuFPAtVxFbrqwr36Qk0KQyRANEwi8lKxJJ25JRqMEKlHKa\/TB1E9gBazRJMdn3iiq0CBoYMGTbJI7CsRlPlnNpqGSjllKBlITFo3zDqjhXwRqa6jOcjpQSuu09gJVV+igcMKKiyg\/2e4sdUU5e6U1WuZr3mK5bE3SQtIvylKmef6ruP5fnYU6B0v7edi6JHzawxwUpjeSRzXN0i9cndaBEQwv\/gvpnGOJrI9bzgAAAABJRU5ErkJggg==","canChangeAppOrientation":false,"canReceiveFile":false,"pid":1674,"uid":10022,"action":"open"}}
06-30 18:21:57.313  1065  1087 D nemuinit: start name: vapi, operation: {"uri":"/tools/cmd","method":"POST","params":{"action":"switch_fps_mode","packageName":""}}, id: 114
06-30 18:21:57.310  1065  1065 I nemuinit: type=1400 audit(0.0:3608): avc: denied { call } for scontext=u:r:init:s0 tcontext=u:r:system_app:s0 tclass=binder permissive=1
06-30 18:21:57.326  1065  2991 D nemuinit: Proxy: use callback: 1457, handleNemuInitMessage, name: vapi, params: {"uri":"/tools/cmd","method":"POST","params":{"action":"switch_fps_mode","packageName":""}}, res: {"errcode":0,"message":"OK"}     
06-30 18:21:57.326  1065  2991 D nemuinit: Proxy: finish handleNemuInitMessage
06-30 18:21:57.340  2930  2930 V SDL     : onPause()
06-30 18:21:57.347  2930  2930 V SDL     : onWindowFocusChanged(): false
06-30 18:21:57.347  2930  2930 V SDL     : nativeFocusChanged()
06-30 18:21:57.354  1674  1674 I FEED    : 1
06-30 18:21:57.354  1674  1674 I FEED    : 2
06-30 18:21:57.355  1280  2139 W ActivityManager: Unable to start service Intent { act=com.android.launcher3.WINDOW_OVERLAY dat=app://app.lawnchair:10022?v=7&cv=9 pkg=com.google.android.googlequicksearchbox } U=0: not found
06-30 18:21:57.375  2033  2033 W WidgetOperateReceiver: onReceive: intent = Intent { act=com.mumu.LAUNCHER_LIFECYCLE flg=0x10 pkg=com.mumu.store cmp=com.mumu.store/.widget.receiver.WidgetOperateReceiver (has extras) } action = com.mumu.LAUNCHER_LIFECYCLE
06-30 18:21:57.375  2033  2033 W WidgetOperateReceiver: onLauncherLifecycle: launcherLifecycle = ON_RESUME
06-30 18:21:57.375  2033  2033 W WidgetManager: updateLauncherLifecycle: launcherLifecycleName = ON_RESUME
06-30 18:21:57.376  2033  2033 W AdBannerWidgetManager: onHoverAdBannerFlipper: appWidgetId = 2, isHovered = false, updatePreSwitchHovered = false, updateNextSwitchHovered = false
06-30 18:21:57.398  1674  1798 D gralloc_x86: gralloc_alloc: Creating ashmem region of size 5763072
06-30 18:21:57.464  1674  2993 D app.lawnchair: Features: 0 0 0
06-30 18:21:57.464  1674  2993 E app.lawnchair: vulkan version is 4211000
06-30 18:21:57.465  1674  2993 D gralloc_x86: gralloc_alloc: Creating ashmem region of size 5763072
06-30 18:21:57.466  1674  2993 D gralloc_x86: gralloc_alloc: Creating ashmem region of size 5763072
06-30 18:21:57.488  1065  1087 D nemuinit: start name: vapi, operation: {"uri":"/tools/inputdevice","method":"POST","params":{"action":"set_input_device_list","device":8,"packageName":"app.lawnchair","pid":1674,"uid":10022}}, id: 115
06-30 18:21:57.488  1065  1087 D nemuinit: start name: vapi, operation: {"uri":"/tools/cmd","method":"POST","params":{"action":"switch_fps_mode","packageName":""}}, id: 116
06-30 18:21:57.492  1065  1087 D nemuinit: start name: vapi, operation: {"uri":"/tools/inputdevice","method":"POST","params":{"action":"set_input_device_list","device":8,"packageName":"app.lawnchair","pid":1674,"uid":10022}}, id: 117
06-30 18:21:57.492  1065  1087 D nemuinit: start name: vapi, operation: {"uri":"/tools/inputdevice","method":"POST","params":{"action":"set_input_device_list","device":8,"packageName":"app.lawnchair","pid":1674,"uid":10022}}, id: 118
06-30 18:21:57.492  1065  1087 D nemuinit: start name: vapi, operation: {"uri":"/tools/cmd","method":"POST","params":{"action":"switch_fps_mode","packageName":""}}, id: 119
06-30 18:21:57.492  1065  1087 D nemuinit: start name: vapi, operation: {"uri":"/tools/inputdevice","method":"POST","params":{"action":"set_input_device_list","device":8,"packageName":"app.lawnchair","pid":1674,"uid":10022}}, id: 120
06-30 18:21:57.493  1065  1087 D nemuinit: start name: vapi, operation: {"uri":"/tools/inputdevice","method":"POST","params":{"action":"set_gamepad_guid","guid":"off","name":"off","type":"off"}}, id: 121
06-30 18:21:57.493  1065  1087 D nemuinit: start name: vapi, operation: {"uri":"/tools/inputdevice","method":"POST","params":{"action":"set_input_device_list","device":8,"packageName":"app.lawnchair","pid":1674,"uid":10022}}, id: 122
06-30 18:21:57.493  1065  1087 D nemuinit: start name: vapi, operation: {"uri":"/tools/inputdevice","method":"POST","params":{"action":"set_gamepad_guid","guid":"off","name":"off","type":"off"}}, id: 123
06-30 18:21:57.493  1065  1087 D nemuinit: start name: vapi, operation: {"uri":"/tools/inputdevice","method":"POST","params":{"action":"set_input_device_list","device":8,"packageName":"app.lawnchair","pid":1674,"uid":10022}}, id: 124
06-30 18:21:57.494  1065  2995 D nemuinit: Proxy: use callback: 1457, handleNemuInitMessage, name: vapi, params: {"uri":"/tools/cmd","method":"POST","params":{"action":"switch_fps_mode","packageName":""}}, res: {"errcode":0,"message":"OK"}     
06-30 18:21:57.494  1065  2995 D nemuinit: Proxy: finish handleNemuInitMessage
06-30 18:21:57.494  1065  2998 D nemuinit: Proxy: use callback: 1457, handleNemuInitMessage, name: vapi, params: {"uri":"/tools/cmd","method":"POST","params":{"action":"switch_fps_mode","packageName":""}}, res: {"errcode":0,"message":"OK"}     
06-30 18:21:57.494  1065  2998 D nemuinit: Proxy: finish handleNemuInitMessage
06-30 18:21:57.494  1065  3003 D nemuinit: Proxy: use callback: 1457, handleNemuInitMessage, name: vapi, params: {"uri":"/tools/inputdevice","method":"POST","params":{"action":"set_input_device_list","device":8,"packageName":"app.lawnchair","pid":1674,"uid":10022}}, res: {"errcode":0,"message":"OK"}
06-30 18:21:57.494  1065  3003 D nemuinit: Proxy: finish handleNemuInitMessage
06-30 18:21:57.494  1065  2997 D nemuinit: Proxy: use callback: 1457, handleNemuInitMessage, name: vapi, params: {"uri":"/tools/inputdevice","method":"POST","params":{"action":"set_input_device_list","device":8,"packageName":"app.lawnchair","pid":1674,"uid":10022}}, res: {"errcode":0,"message":"OK"}
06-30 18:21:57.494  1065  2997 D nemuinit: Proxy: finish handleNemuInitMessage
06-30 18:21:57.494  1065  2994 D nemuinit: Proxy: use callback: 1457, handleNemuInitMessage, name: vapi, params: {"uri":"/tools/inputdevice","method":"POST","params":{"action":"set_input_device_list","device":8,"packageName":"app.lawnchair","pid":1674,"uid":10022}}, res: {"errcode":0,"message":"OK"}
06-30 18:21:57.494  1065  2994 D nemuinit: Proxy: finish handleNemuInitMessage
06-30 18:21:57.495  1065  3001 D nemuinit: Proxy: use callback: 1457, handleNemuInitMessage, name: vapi, params: {"uri":"/tools/inputdevice","method":"POST","params":{"action":"set_input_device_list","device":8,"packageName":"app.lawnchair","pid":1674,"uid":10022}}, res: {"errcode":0,"message":"OK"}
06-30 18:21:57.495  1065  3001 D nemuinit: Proxy: finish handleNemuInitMessage
06-30 18:21:57.495  1065  3000 D nemuinit: Proxy: use callback: 1457, handleNemuInitMessage, name: vapi, params: {"uri":"/tools/inputdevice","method":"POST","params":{"action":"set_gamepad_guid","guid":"off","name":"off","type":"off"}}, res: {"errcode":0,"message":"OK"}
06-30 18:21:57.495  1065  3000 D nemuinit: Proxy: finish handleNemuInitMessage
06-30 18:21:57.495  1065  3002 D nemuinit: Proxy: use callback: 1457, handleNemuInitMessage, name: vapi, params: {"uri":"/tools/inputdevice","method":"POST","params":{"action":"set_gamepad_guid","guid":"off","name":"off","type":"off"}}, res: {"errcode":0,"message":"OK"}
06-30 18:21:57.495  1065  3002 D nemuinit: Proxy: finish handleNemuInitMessage
06-30 18:21:57.495  1065  2996 D nemuinit: Proxy: use callback: 1457, handleNemuInitMessage, name: vapi, params: {"uri":"/tools/inputdevice","method":"POST","params":{"action":"set_input_device_list","device":8,"packageName":"app.lawnchair","pid":1674,"uid":10022}}, res: {"errcode":0,"message":"OK"}
06-30 18:21:57.495  1065  2996 D nemuinit: Proxy: finish handleNemuInitMessage
06-30 18:21:57.500  1065  2999 D nemuinit: Proxy: use callback: 1457, handleNemuInitMessage, name: vapi, params: {"uri":"/tools/inputdevice","method":"POST","params":{"action":"set_input_device_list","device":8,"packageName":"app.lawnchair","pid":1674,"uid":10022}}, res: {"errcode":0,"message":"OK"}
06-30 18:21:57.504  1674  1674 D b/223498680: BaseRecentsViewStateController setStateWithAnimation state=Normal, config.skipOverview=true
06-30 18:21:57.506  1065  2999 D nemuinit: Proxy: finish handleNemuInitMessage
06-30 18:21:57.582  2033  2432 W AdBannerWidgetManager: onHoverAdBannerFlipper: newIsHovered = false
06-30 18:21:57.582  2033  2432 W AdBannerWidgetManager: prepareAdBannerFlipperHover: isHovered = false  false  false
06-30 18:21:57.701  2930  2930 V SDL     : surfaceDestroyed()
06-30 18:21:57.882  1147  1221 D AudioFlinger: mixer(0x7f41f4a01a30) throttle end: throttle time(2)
06-30 18:21:58.299  2930  2930 E Surface : freeAllBuffers: 1 buffers were freed while being dequeued!
06-30 18:21:58.299  2930  2930 E Surface : freeAllBuffers: 1 buffers were freed while being dequeued!
06-30 18:21:58.324  2930  2930 V SDL     : onStop()
06-30 18:21:58.325  1280  2232 I MediaFocusControl: abandonAudioFocus() from uid/pid 10057/2930 clientId=android.media.AudioManager@94e2493org.haxe.lime.GameActivity$2@21c8cd0
06-30 18:21:58.333  2930  2930 V SDL     : onDestroy()
06-30 18:21:58.333  2930  2930 E SDL     : SDLActivity thread ends (error=Try to release egl_surface with context probably still active)
06-30 18:21:58.336  1280  2232 W InputManager-JNI: Input channel object 'f2fd31 me.reality.engine/me.reality.engine.MainActivity (client)' was disposed without first being removed with the input manager!
06-30 18:21:58.395  1280  1302 W ActivityTaskManager: Can't find TaskDisplayArea to determine support for multi window. Task id=118 attached=false
06-30 18:21:58.396  1280  1302 W ActivityTaskManager: Can't find TaskDisplayArea to determine support for multi window. Task id=118 attached=false
06-30 18:21:58.399  1280  1301 D RecentTaskMonitor: VAddressShellNotifier#notifyCloseTab :{"uri":"player\/tab","need_response":false,"params":{"id":"task:118","action":"close"}}
06-30 18:21:58.400  1280  1301 I RecentTaskMonitor: broadcast tab closed in android as it's closed task taskId: 118, elapseTime: 44634
06-30 18:21:58.401  2196  2196 W AccMsgReceiver: AccMsgReceiver: onReceive action = uu.intent.action.STOP_ACCELERATE      
06-30 18:21:58.401  1457  1457 D Watchdog: ignore events AppExit: {"app_name":"Friday Night Funkin'","app_package":"me.reality.engine","event_duration":0,"failure_reason":"","status_code":0}
06-30 18:21:58.401  1457  1457 D Watchdog: CrashBehavior: call notifyClosing: error is java.lang.NoSuchMethodException: android.app.ActivityManager.getCrashBehaviorDataAndClean [class java.lang.String]
06-30 18:21:58.402  1457  2266 D Watchdog: upload event: {"architecture":"x86_64","channel":"gw-win","country":"zh-CN","engine":"NEMUX","fchannel":"gw-win","language":"zh-Hans","mpid":"0","package":"mumu","product":"MuMu5.0","product_version":"5.31.2.0","usage":"0","uuid":"d8eed077-ce60-408f-91e9-0976f846764c","version":"5.31.2.0","x":{"app_elapse":44,"app_name":"Friday Night Funkin'","app_package":"me.reality.engine","error":{"code":0,"msg":"ok"},"extra":{"amp_name":"Friday Night Funkin'","ampid":0,"is_remote_control":0},"token":"9ec0d74a-436d-4e40-ba03-8c910b580f48"}}        type: ExitAPP   sign: d8Kql+O2P295ZcFaFY6RObgwz9c=        uid: 1000       json:{"app_elapse":44,"app_name":"Friday Night Funkin'","app_package":"me.reality.engine","error":{"code":0,"msg":"ok"},"extra":{"amp_name":"Friday Night Funkin'","ampid":0,"is_remote_control":0},"token":"9ec0d74a-436d-4e40-ba03-8c910b580f48"}
06-30 18:21:58.406  1280  1294 W ActivityManager: Foreground service started from background can not have location/camera/microphone access: service com.mumu.acc/.AccService
06-30 18:21:58.406  2196  2196 W AccInterceptManager: onAccInterceptConfirm: packageName = me.reality.engine, hasAccSuccess = false
06-30 18:21:58.418  1065  1087 D nemuinit: start name: vapi, operation: {"uri":"/apps","method":"GET","params":{}}, id: 125
06-30 18:21:58.420  1065  1087 D nemuinit: start name: vapi, operation: {"uri":"/tools/cmd","method":"POST","params":{"action":"switch_fps_mode","packageName":""}}, id: 126
06-30 18:21:58.421  1065  3005 D nemuinit: Proxy: use callback: 1457, handleNemuInitMessage, name: vapi, params: {"uri":"/apps","method":"GET","params":{}}, res: {"errcode":0,"message":"OK","return":{"active":"app.lawnchair","installed":[{"appName":"MT管理器","packageName":"bin.mt.plus","version":"2.26.6","versionCode":26062662},{"appName":"Friday Night Funkin'","packageName":"me.reality.engine","version":"0.2.8","versionCode":160}],"recent":[]}}
06-30 18:21:58.421  1065  3005 D nemuinit: Proxy: finish handleNemuInitMessage
06-30 18:21:58.426  1065  1087 D nemuinit: start name: vapi, operation: {"uri":"/svma","method":"POST","params":{"action":"request_display_framerate","display_id":"0","high_fps":60,"low_fps":60}}, id: 127
06-30 18:21:58.426  1065  3006 D nemuinit: Proxy: use callback: 1457, handleNemuInitMessage, name: vapi, params: {"uri":"/tools/cmd","method":"POST","params":{"action":"switch_fps_mode","packageName":""}}, res: {"errcode":0,"message":"OK"}     
06-30 18:21:58.426  1065  3006 D nemuinit: Proxy: finish handleNemuInitMessage
06-30 18:21:58.427  1065  3007 D nemuinit: Proxy: use callback: 1457, handleNemuInitMessage, name: vapi, params: {"uri":"/svma","method":"POST","params":{"action":"request_display_framerate","display_id":"0","high_fps":60,"low_fps":60}}, res: {"errcode":0,"message":"OK"}
06-30 18:21:58.427  1065  3007 D nemuinit: Proxy: finish handleNemuInitMessage
06-30 18:21:58.440  1457  2266 D Watchdog: upload server response: {"errcode": 100, "errmsg": "ok"}
06-30 18:21:58.440  1457  2266 D Watchdog: upload result: true
06-30 18:21:59.153  1147  1221 D AudioFlinger: mixer(0x7f41f4a01a30) throttle end: throttle time(4)
06-30 18:21:59.653  1147  1221 D AudioFlinger: mixer(0x7f41f4a01a30) throttle end: throttle time(10)
06-30 18:22:01.380  2033  2318 W AdBannerWidgetManager: formatCurrentWidgetUIByData: widgetDataIndex = 1, widgetFlipperIndex = 1, preWidgetDataIndex = 0, preWidgetFlipperIndex = 0
06-30 18:22:01.380  2033  2318 W AdBannerWidgetManager: updateAppWidget: partiallyUpdated = true
06-30 18:22:01.632  1147  1221 D AudioFlinger: mixer(0x7f41f4a01a30) throttle end: throttle time(10)
06-30 18:22:01.848  1280  2003 E TaskPersister: File error accessing recents directory (directory doesn't exist?).
06-30 18:22:03.563  1147  1221 D AudioFlinger: mixer(0x7f41f4a01a30) throttle end: throttle time(8)
06-30 18:22:03.690  1147  1221 D AudioFlinger: mixer(0x7f41f4a01a30) throttle end: throttle time(8)
06-30 18:22:05.382  2033  2318 W AdBannerWidgetManager: formatCurrentWidgetUIByData: widgetDataIndex = 0, widgetFlipperIndex = 0, preWidgetDataIndex = 1, preWidgetFlipperIndex = 1
06-30 18:22:05.383  2033  2318 W AdBannerWidgetManager: updateAppWidget: partiallyUpdated = true
06-30 18:22:05.718  1147  1221 D AudioFlinger: mixer(0x7f41f4a01a30) throttle end: throttle time(17)
06-30 18:22:08.074  1147  1221 D AudioFlinger: mixer(0x7f41f4a01a30) throttle end: throttle time(10)
06-30 18:22:09.193  1147  1221 D AudioFlinger: mixer(0x7f41f4a01a30) throttle end: throttle time(6)
06-30 18:22:09.384  2033  2318 W AdBannerWidgetManager: formatCurrentWidgetUIByData: widgetDataIndex = 1, widgetFlipperIndex = 1, preWidgetDataIndex = 0, preWidgetFlipperIndex = 0
06-30 18:22:09.384  2033  2318 W AdBannerWidgetManager: updateAppWidget: partiallyUpdated = true
06-30 18:22:10.602  1147  1221 D AudioFlinger: mixer(0x7f41f4a01a30) throttle end: throttle time(3)
06-30 18:22:12.687  1147  1221 D AudioFlinger: mixer(0x7f41f4a01a30) throttle end: throttle time(10)
06-30 18:22:12.879  1147  1221 D AudioFlinger: mixer(0x7f41f4a01a30) throttle end: throttle time(20)
06-30 18:22:13.386  2033  2318 W AdBannerWidgetManager: formatCurrentWidgetUIByData: widgetDataIndex = 0, widgetFlipperIndex = 0, preWidgetDataIndex = 1, preWidgetFlipperIndex = 1
06-30 18:22:13.386  2033  2318 W AdBannerWidgetManager: updateAppWidget: partiallyUpdated = true
06-30 18:22:17.393  2033  2318 W AdBannerWidgetManager: formatCurrentWidgetUIByData: widgetDataIndex = 1, widgetFlipperIndex = 1, preWidgetDataIndex = 0, preWidgetFlipperIndex = 0
06-30 18:22:17.393  2033  2318 W AdBannerWidgetManager: updateAppWidget: partiallyUpdated = true
06-30 18:22:18.281  1147  1221 D AudioFlinger: mixer(0x7f41f4a01a30) throttle end: throttle time(10)
06-30 18:22:19.032  1147  1221 D AudioFlinger: mixer(0x7f41f4a01a30) throttle end: throttle time(7)